// Bun Snapshot v1, https://bun.sh/docs/test/snapshots

exports[`HeaderBar renders correctly when focused 1`] = `
"╭──────────────────────────────────────────────────────────────────────────────────────────────────╮
│ telegram-console                                                                        [Logout] │
╰──────────────────────────────────────────────────────────────────────────────────────────────────╯"
`;

exports[`HeaderBar renders correctly when unfocused 1`] = `
"╭──────────────────────────────────────────────────────────────────────────────────────────────────╮
│ telegram-console                                                                        [Logout] │
╰──────────────────────────────────────────────────────────────────────────────────────────────────╯"
`;

exports[`HeaderBar renders with logout button selected 1`] = `
"╭──────────────────────────────────────────────────────────────────────────────────────────────────╮
│ telegram-console                                                                        [Logout] │
╰──────────────────────────────────────────────────────────────────────────────────────────────────╯"
`;
