// Bun Snapshot v1, https://bun.sh/docs/test/snapshots

exports[`MediaPanel renders with cyan border when focused 1`] = `
"╭──────────────────────────────────────╮
│ Media                                │
│                                      │
│ Loading...                           │
│                                      │
│ Photo 100x100 | 1KB                  │
│ Enter/Esc to close                   │
│                                      │
│                                      │
│                                      │
│                                      │
│                                      │
│                                      │
│                                      │
│                                      │
│                                      │
│                                      │
│                                      │
│                                      │
╰──────────────────────────────────────╯"
`;

exports[`MediaPanel renders with blue border when unfocused 1`] = `
"╭──────────────────────────────────────╮
│ Media                                │
│                                      │
│ Loading...                           │
│                                      │
│ Photo 100x100 | 1KB                  │
│ Enter/Esc to close                   │
│                                      │
│                                      │
│                                      │
│                                      │
│                                      │
│                                      │
│                                      │
│                                      │
│                                      │
│                                      │
│                                      │
│                                      │
╰──────────────────────────────────────╯"
`;

exports[`MediaPanel defaults to focused state 1`] = `
"╭──────────────────────────────────────╮
│ Media                                │
│                                      │
│ Loading...                           │
│                                      │
│ Photo 100x100 | 1KB                  │
│ Enter/Esc to close                   │
│                                      │
│                                      │
│                                      │
│                                      │
│                                      │
│                                      │
│                                      │
│                                      │
│                                      │
│                                      │
│                                      │
│                                      │
╰──────────────────────────────────────╯"
`;
