// Bun Snapshot v1, https://goo.gl/fbAQLP

exports[`WelcomeSplash renders correctly 1`] = `
"


                 ████████╗███████╗██╗     ███████╗ ██████╗ ██████╗  █████╗ ███╗   ███╗
                 ╚══██╔══╝██╔════╝██║     ██╔════╝██╔════╝ ██╔══██╗██╔══██╗████╗ ████║
                     ██║   █████╗  ██║     █████╗  ██║  ███╗██████╔╝███████║██╔████╔██║
                     ██║   ██╔══╝  ██║     ██╔══╝  ██║   ██║██╔══██╗██╔══██║██║╚██╔╝██║
                     ██║   ███████╗███████╗███████╗╚██████╔╝██║  ██║██║  ██║██║ ╚═╝ ██║
                     ╚═╝   ╚══════╝╚══════╝╚══════╝ ╚═════╝ ╚═╝  ╚═╝╚═╝  ╚═╝╚═╝     ╚═╝

                         ██████╗ ██████╗ ███╗   ██╗███████╗ ██████╗ ██╗     ███████╗
                       ██╔════╝██╔═══██╗████╗  ██║██╔════╝██╔═══██╗██║     ██╔════╝
                       ██║     ██║   ██║██╔██╗ ██║███████╗██║   ██║██║     █████╗
                       ██║     ██║   ██║██║╚██╗██║╚════██║██║   ██║██║     ██╔══╝
                       ╚██████╗╚██████╔╝██║ ╚████║███████║╚██████╔╝███████╗███████╗
                         ╚═════╝ ╚═════╝ ╚═╝  ╚═══╝╚══════╝ ╚═════╝ ╚══════╝╚══════╝


                                               v0.2.0

                                     Press any key to continue"
`;
